
> crux@0.1.0 build
> next build

Ôû▓ Next.js 16.2.2 (Turbopack)

  Creating an optimized production build ...
